// Vitest Snapshot v1, https://vitest.dev/guide/snapshot.html

exports[`App component > should display on the screen 1`] = `
{
  "asFragment": [Function],
  "baseElement": <body>
    <div>
      <div
        class="pb-3 card"
        style="background-color: rgb(13, 230, 253); min-height: calc(100vh - 8vh);"
      >
        <div
          class="justify-content-center card"
          style="height: calc(100vh - 8vh);"
        >
          <div
            class="mx-auto my-3 spinner-border text-dark"
          />
        </div>
        <div
          class="container"
        >
          <div
            class="row"
            style="background-color: rgb(13, 230, 253);"
          />
        </div>
      </div>
    </div>
  </body>,
  "container": <div>
    <div
      class="pb-3 card"
      style="background-color: rgb(13, 230, 253); min-height: calc(100vh - 8vh);"
    >
      <div
        class="justify-content-center card"
        style="height: calc(100vh - 8vh);"
      >
        <div
          class="mx-auto my-3 spinner-border text-dark"
        />
      </div>
      <div
        class="container"
      >
        <div
          class="row"
          style="background-color: rgb(13, 230, 253);"
        />
      </div>
    </div>
  </div>,
  "debug": [Function],
  "findAllByAltText": [Function],
  "findAllByDisplayValue": [Function],
  "findAllByLabelText": [Function],
  "findAllByPlaceholderText": [Function],
  "findAllByRole": [Function],
  "findAllByTestId": [Function],
  "findAllByText": [Function],
  "findAllByTitle": [Function],
  "findByAltText": [Function],
  "findByDisplayValue": [Function],
  "findByLabelText": [Function],
  "findByPlaceholderText": [Function],
  "findByRole": [Function],
  "findByTestId": [Function],
  "findByText": [Function],
  "findByTitle": [Function],
  "getAllByAltText": [Function],
  "getAllByDisplayValue": [Function],
  "getAllByLabelText": [Function],
  "getAllByPlaceholderText": [Function],
  "getAllByRole": [Function],
  "getAllByTestId": [Function],
  "getAllByText": [Function],
  "getAllByTitle": [Function],
  "getByAltText": [Function],
  "getByDisplayValue": [Function],
  "getByLabelText": [Function],
  "getByPlaceholderText": [Function],
  "getByRole": [Function],
  "getByTestId": [Function],
  "getByText": [Function],
  "getByTitle": [Function],
  "queryAllByAltText": [Function],
  "queryAllByDisplayValue": [Function],
  "queryAllByLabelText": [Function],
  "queryAllByPlaceholderText": [Function],
  "queryAllByRole": [Function],
  "queryAllByTestId": [Function],
  "queryAllByText": [Function],
  "queryAllByTitle": [Function],
  "queryByAltText": [Function],
  "queryByDisplayValue": [Function],
  "queryByLabelText": [Function],
  "queryByPlaceholderText": [Function],
  "queryByRole": [Function],
  "queryByTestId": [Function],
  "queryByText": [Function],
  "queryByTitle": [Function],
  "rerender": [Function],
  "unmount": [Function],
}
`;
